[debug] [2026-08-09T05:52:36.616Z] ----------------------------------------------------------------------
[debug] [2026-08-09T05:52:36.617Z] Command:       /Users/cliff/.nvm/versions/node/v22.22.0/bin/node /Users/cliff/.nvm/versions/node/v22.22.0/bin/firebase deploy --only functions
[debug] [2026-08-09T05:52:36.617Z] CLI Version:   15.4.0
[debug] [2026-08-09T05:52:36.618Z] Platform:      darwin
[debug] [2026-08-09T05:52:36.618Z] Node Version:  v22.22.0
[debug] [2026-08-09T05:52:36.618Z] Time:          Sun Aug 09 2026 13:52:36 GMT+0800 (Hong Kong Standard Time)
[debug] [2026-08-09T05:52:36.618Z] ----------------------------------------------------------------------
[debug] 
[debug] [2026-08-09T05:52:36.917Z] > command requires scopes: ["email","openid","https://www.googleapis.com/auth/cloudplatformprojects.readonly","https://www.googleapis.com/auth/firebase","https://www.googleapis.com/auth/cloud-platform"]
[debug] [2026-08-09T05:52:36.917Z] > authorizing via signed-in user (fukkuen.work@gmail.com)
[debug] [2026-08-09T05:52:36.917Z] [iam] checking project floating-project-website for permissions ["cloudfunctions.functions.create","cloudfunctions.functions.delete","cloudfunctions.functions.get","cloudfunctions.functions.list","cloudfunctions.functions.update","cloudfunctions.operations.get","firebase.projects.get"]
[debug] [2026-08-09T05:52:36.918Z] No OAuth tokens found
[debug] [2026-08-09T05:52:36.918Z] No OAuth tokens found
[debug] [2026-08-09T05:52:36.918Z] > refreshing access token with scopes: []
[debug] [2026-08-09T05:52:36.918Z] >>> [apiv2][query] POST https://www.googleapis.com/oauth2/v3/token [none]
[debug] [2026-08-09T05:52:36.918Z] >>> [apiv2][body] POST https://www.googleapis.com/oauth2/v3/token [omitted]
[debug] [2026-08-09T05:52:37.620Z] <<< [apiv2][status] POST https://www.googleapis.com/oauth2/v3/token 200
[debug] [2026-08-09T05:52:37.620Z] <<< [apiv2][body] POST https://www.googleapis.com/oauth2/v3/token [omitted]
[debug] [2026-08-09T05:52:37.630Z] >>> [apiv2][query] POST https://cloudresourcemanager.googleapis.com/v1/projects/floating-project-website:testIamPermissions [none]
[debug] [2026-08-09T05:52:37.630Z] >>> [apiv2][(partial)header] POST https://cloudresourcemanager.googleapis.com/v1/projects/floating-project-website:testIamPermissions x-goog-quota-user=projects/floating-project-website
[debug] [2026-08-09T05:52:37.630Z] >>> [apiv2][body] POST https://cloudresourcemanager.googleapis.com/v1/projects/floating-project-website:testIamPermissions {"permissions":["cloudfunctions.functions.create","cloudfunctions.functions.delete","cloudfunctions.functions.get","cloudfunctions.functions.list","cloudfunctions.functions.update","cloudfunctions.operations.get","firebase.projects.get"]}
[debug] [2026-08-09T05:52:38.983Z] <<< [apiv2][status] POST https://cloudresourcemanager.googleapis.com/v1/projects/floating-project-website:testIamPermissions 200
[debug] [2026-08-09T05:52:38.983Z] <<< [apiv2][body] POST https://cloudresourcemanager.googleapis.com/v1/projects/floating-project-website:testIamPermissions {"permissions":["cloudfunctions.functions.create","cloudfunctions.functions.delete","cloudfunctions.functions.get","cloudfunctions.functions.list","cloudfunctions.functions.update","cloudfunctions.operations.get","firebase.projects.get"]}
[debug] [2026-08-09T05:52:38.984Z] Checked if tokens are valid: true, expires at: 1786258356620
[debug] [2026-08-09T05:52:38.984Z] Checked if tokens are valid: true, expires at: 1786258356620
[debug] [2026-08-09T05:52:38.984Z] >>> [apiv2][query] POST https://iam.googleapis.com/v1/projects/floating-project-website/serviceAccounts/floating-project-website@appspot.gserviceaccount.com:testIamPermissions [none]
[debug] [2026-08-09T05:52:38.984Z] >>> [apiv2][body] POST https://iam.googleapis.com/v1/projects/floating-project-website/serviceAccounts/floating-project-website@appspot.gserviceaccount.com:testIamPermissions {"permissions":["iam.serviceAccounts.actAs"]}
[debug] [2026-08-09T05:52:40.356Z] <<< [apiv2][status] POST https://iam.googleapis.com/v1/projects/floating-project-website/serviceAccounts/floating-project-website@appspot.gserviceaccount.com:testIamPermissions 200
[debug] [2026-08-09T05:52:40.356Z] <<< [apiv2][body] POST https://iam.googleapis.com/v1/projects/floating-project-website/serviceAccounts/floating-project-website@appspot.gserviceaccount.com:testIamPermissions {"permissions":["iam.serviceAccounts.actAs"]}
[info] 
[info] === Deploying to 'floating-project-website'...
[info] 
[info] i  deploying functions 
[debug] [2026-08-09T05:52:40.360Z] Checked if tokens are valid: true, expires at: 1786258356620
[debug] [2026-08-09T05:52:40.360Z] Checked if tokens are valid: true, expires at: 1786258356620
[debug] [2026-08-09T05:52:40.360Z] >>> [apiv2][query] GET https://cloudresourcemanager.googleapis.com/v1/projects/floating-project-website [none]
[debug] [2026-08-09T05:52:40.717Z] <<< [apiv2][status] GET https://cloudresourcemanager.googleapis.com/v1/projects/floating-project-website 200
[debug] [2026-08-09T05:52:40.717Z] <<< [apiv2][body] GET https://cloudresourcemanager.googleapis.com/v1/projects/floating-project-website {"projectNumber":"278048319219","projectId":"floating-project-website","lifecycleState":"ACTIVE","name":"Floating Project Website","labels":{"firebase":"enabled","firebase-core":"disabled"},"createTime":"2026-08-09T02:49:15.755Z"}
[info] i  functions: preparing codebase default for deployment 
[info] i  functions: ensuring required API cloudfunctions.googleapis.com is enabled... 
[info] i  functions: ensuring required API cloudbuild.googleapis.com is enabled... 
[info] i  artifactregistry: ensuring required API artifactregistry.googleapis.com is enabled... 
[debug] [2026-08-09T05:52:40.722Z] Checked if tokens are valid: true, expires at: 1786258356620
[debug] [2026-08-09T05:52:40.722Z] Checked if tokens are valid: true, expires at: 1786258356620
[debug] [2026-08-09T05:52:40.722Z] >>> [apiv2][query] GET https://firebase.googleapis.com/v1beta1/projects/floating-project-website/adminSdkConfig [none]
[debug] [2026-08-09T05:52:42.022Z] <<< [apiv2][status] GET https://firebase.googleapis.com/v1beta1/projects/floating-project-website/adminSdkConfig 200
[debug] [2026-08-09T05:52:42.022Z] <<< [apiv2][body] GET https://firebase.googleapis.com/v1beta1/projects/floating-project-website/adminSdkConfig {"projectId":"floating-project-website","storageBucket":"floating-project-website.firebasestorage.app"}
[debug] [2026-08-09T05:52:42.022Z] Checked if tokens are valid: true, expires at: 1786258356620
[debug] [2026-08-09T05:52:42.022Z] Checked if tokens are valid: true, expires at: 1786258356620
[debug] [2026-08-09T05:52:42.023Z] >>> [apiv2][query] GET https://runtimeconfig.googleapis.com/v1beta1/projects/floating-project-website/configs [none]
[debug] [2026-08-09T05:52:43.543Z] <<< [apiv2][status] GET https://runtimeconfig.googleapis.com/v1beta1/projects/floating-project-website/configs 200
[debug] [2026-08-09T05:52:43.543Z] <<< [apiv2][body] GET https://runtimeconfig.googleapis.com/v1beta1/projects/floating-project-website/configs {}
[debug] [2026-08-09T05:52:43.545Z] Validating nodejs source
[debug] [2026-08-09T05:52:44.723Z] > [functions] package.json contents: {
  "name": "functions",
  "version": "1.0.0",
  "description": "Firebase Cloud Functions for Floating Projects (FP)",
  "main": "index.js",
  "scripts": {
    "test": "echo \"Error: no test specified\" && exit 1"
  },
  "keywords": [],
  "author": "",
  "license": "ISC",
  "dependencies": {
    "cors": "^2.8.6",
    "express": "^5.2.1",
    "firebase-admin": "^13.8.0",
    "firebase-functions": "^7.2.5"
  },
  "engines": {
    "node": "22"
  }
}
[debug] [2026-08-09T05:52:44.723Z] Building nodejs source
[info] i  functions: Loading and analyzing source code for codebase default to determine what to deploy 
[debug] [2026-08-09T05:52:44.724Z] Could not find functions.yaml. Must use http discovery
[debug] [2026-08-09T05:52:44.729Z] Found firebase-functions binary at '/Users/cliff/fk-app/fp/functions/node_modules/.bin/firebase-functions'
[info] Serving at port 8419

[debug] [2026-08-09T05:52:44.896Z] Got response from /__/functions.yaml {"endpoints":{"api":{"platform":"gcfv1","availableMemoryMb":null,"timeoutSeconds":null,"minInstances":null,"maxInstances":null,"ingressSettings":null,"serviceAccountEmail":"floating-project-website@appspot.gserviceaccount.com","vpc":null,"region":["asia-east2"],"httpsTrigger":{},"entryPoint":"api"}},"specVersion":"v1alpha1","requiredAPIs":[],"extensions":{}}
[info] i  extensions: ensuring required API firebaseextensions.googleapis.com is enabled... 
[debug] [2026-08-09T05:52:48.910Z] > command requires scopes: ["email","openid","https://www.googleapis.com/auth/cloudplatformprojects.readonly","https://www.googleapis.com/auth/firebase","https://www.googleapis.com/auth/cloud-platform"]
[debug] [2026-08-09T05:52:48.910Z] > authorizing via signed-in user (fukkuen.work@gmail.com)
[debug] [2026-08-09T05:52:48.910Z] [iam] checking project floating-project-website for permissions ["firebase.projects.get","firebaseextensions.instances.list"]
[debug] [2026-08-09T05:52:48.910Z] Checked if tokens are valid: true, expires at: 1786258356620
[debug] [2026-08-09T05:52:48.910Z] Checked if tokens are valid: true, expires at: 1786258356620
[debug] [2026-08-09T05:52:48.910Z] >>> [apiv2][query] POST https://cloudresourcemanager.googleapis.com/v1/projects/floating-project-website:testIamPermissions [none]
[debug] [2026-08-09T05:52:48.910Z] >>> [apiv2][(partial)header] POST https://cloudresourcemanager.googleapis.com/v1/projects/floating-project-website:testIamPermissions x-goog-quota-user=projects/floating-project-website
[debug] [2026-08-09T05:52:48.910Z] >>> [apiv2][body] POST https://cloudresourcemanager.googleapis.com/v1/projects/floating-project-website:testIamPermissions {"permissions":["firebase.projects.get","firebaseextensions.instances.list"]}
[debug] [2026-08-09T05:52:49.622Z] <<< [apiv2][status] POST https://cloudresourcemanager.googleapis.com/v1/projects/floating-project-website:testIamPermissions 200
[debug] [2026-08-09T05:52:49.623Z] <<< [apiv2][body] POST https://cloudresourcemanager.googleapis.com/v1/projects/floating-project-website:testIamPermissions {"permissions":["firebase.projects.get","firebaseextensions.instances.list"]}
[debug] [2026-08-09T05:52:49.623Z] Checked if tokens are valid: true, expires at: 1786258356620
[debug] [2026-08-09T05:52:49.623Z] Checked if tokens are valid: true, expires at: 1786258356620
[debug] [2026-08-09T05:52:49.624Z] >>> [apiv2][query] GET https://firebaseextensions.googleapis.com/v1beta/projects/floating-project-website/instances pageSize=100&pageToken=
[debug] [2026-08-09T05:52:51.130Z] <<< [apiv2][status] GET https://firebaseextensions.googleapis.com/v1beta/projects/floating-project-website/instances 200
[debug] [2026-08-09T05:52:51.131Z] <<< [apiv2][body] GET https://firebaseextensions.googleapis.com/v1beta/projects/floating-project-website/instances {}
[info] i  functions: preparing functions directory for uploading... 
[info] i  functions: packaged /Users/cliff/fk-app/fp/functions (33.98 KB) for uploading 
[debug] [2026-08-09T05:52:51.157Z] Checked if tokens are valid: true, expires at: 1786258356620
[debug] [2026-08-09T05:52:51.157Z] Checked if tokens are valid: true, expires at: 1786258356620
[debug] [2026-08-09T05:52:51.157Z] >>> [apiv2][query] GET https://cloudfunctions.googleapis.com/v1/projects/floating-project-website/locations/-/functions [none]
[debug] [2026-08-09T05:52:52.684Z] <<< [apiv2][status] GET https://cloudfunctions.googleapis.com/v1/projects/floating-project-website/locations/-/functions 200
[debug] [2026-08-09T05:52:52.684Z] <<< [apiv2][body] GET https://cloudfunctions.googleapis.com/v1/projects/floating-project-website/locations/-/functions {"functions":[{"name":"projects/floating-project-website/locations/asia-east2/functions/api","httpsTrigger":{"url":"https://asia-east2-floating-project-website.cloudfunctions.net/api","securityLevel":"SECURE_ALWAYS"},"status":"ACTIVE","entryPoint":"api","timeout":"60s","availableMemoryMb":256,"serviceAccountEmail":"floating-project-website@appspot.gserviceaccount.com","updateTime":"2026-08-09T05:43:16.531398054Z","versionId":"1","labels":{"deployment-tool":"cli-firebase","firebase-functions-hash":"34c1a538dd5797b6bac6a36ecbd908e7628bfc23"},"sourceUploadUrl":"https://storage.googleapis.com/uploads-551583688236.asia-east2.cloudfunctions.appspot.com/4e298943-8d4e-4a3f-b6b3-8b04ba3a09aa.zip","environmentVariables":{"FIREBASE_CONFIG":"{\"projectId\":\"floating-project-website\",\"storageBucket\":\"floating-project-website.firebasestorage.app\"}","GCLOUD_PROJECT":"floating-project-website","EVENTARC_CLOUD_EVENT_SOURCE":"projects/floating-project-website/locations/asia-east2/functions/api"},"runtime":"nodejs22","ingressSettings":"ALLOW_ALL","buildId":"13df721a-6fa5-4196-85b4-58df44ee9414","buildEnvironmentVariables":{"GOOGLE_NODE_RUN_SCRIPTS":""},"buildName":"projects/278048319219/locations/asia-east2/builds/13df721a-6fa5-4196-85b4-58df44ee9414","dockerRegistry":"ARTIFACT_REGISTRY","automaticUpdatePolicy":{},"buildServiceAccount":"projects/floating-project-website/serviceAccounts/278048319219-compute@developer.gserviceaccount.com","satisfiesPzs":true,"satisfiesPzi":true}]}
[debug] [2026-08-09T05:52:52.685Z] Checked if tokens are valid: true, expires at: 1786258356620
[debug] [2026-08-09T05:52:52.685Z] Checked if tokens are valid: true, expires at: 1786258356620
[debug] [2026-08-09T05:52:52.686Z] >>> [apiv2][query] GET https://cloudfunctions.googleapis.com/v2/projects/floating-project-website/locations/-/functions filter=environment%3D%22GEN_2%22
[debug] [2026-08-09T05:52:53.974Z] <<< [apiv2][status] GET https://cloudfunctions.googleapis.com/v2/projects/floating-project-website/locations/-/functions 200
[debug] [2026-08-09T05:52:53.975Z] <<< [apiv2][body] GET https://cloudfunctions.googleapis.com/v2/projects/floating-project-website/locations/-/functions {}
[debug] [2026-08-09T05:52:53.977Z] Checked if tokens are valid: true, expires at: 1786258356620
[debug] [2026-08-09T05:52:53.977Z] Checked if tokens are valid: true, expires at: 1786258356620
[debug] [2026-08-09T05:52:53.977Z] >>> [apiv2][query] GET https://cloudbilling.googleapis.com/v1/projects/floating-project-website/billingInfo [none]
[debug] [2026-08-09T05:52:54.946Z] <<< [apiv2][status] GET https://cloudbilling.googleapis.com/v1/projects/floating-project-website/billingInfo 200
[debug] [2026-08-09T05:52:54.946Z] <<< [apiv2][body] GET https://cloudbilling.googleapis.com/v1/projects/floating-project-website/billingInfo {"name":"projects/floating-project-website/billingInfo","projectId":"floating-project-website","billingAccountName":"billingAccounts/01E9D8-62B378-D6D4A2","billingEnabled":true}
[debug] [2026-08-09T05:52:54.948Z] Checked if tokens are valid: true, expires at: 1786258356620
[debug] [2026-08-09T05:52:54.948Z] Checked if tokens are valid: true, expires at: 1786258356620
[debug] [2026-08-09T05:52:54.948Z] >>> [apiv2][query] POST https://cloudfunctions.googleapis.com/v1/projects/floating-project-website/locations/asia-east2/functions:generateUploadUrl [none]
[debug] [2026-08-09T05:52:54.948Z] >>> [apiv2][body] POST https://cloudfunctions.googleapis.com/v1/projects/floating-project-website/locations/asia-east2/functions:generateUploadUrl {}
[debug] [2026-08-09T05:52:57.926Z] <<< [apiv2][status] POST https://cloudfunctions.googleapis.com/v1/projects/floating-project-website/locations/asia-east2/functions:generateUploadUrl 200
[debug] [2026-08-09T05:52:57.926Z] <<< [apiv2][body] POST https://cloudfunctions.googleapis.com/v1/projects/floating-project-website/locations/asia-east2/functions:generateUploadUrl {"uploadUrl":"https://storage.googleapis.com/uploads-551583688236.asia-east2.cloudfunctions.appspot.com/4020c569-bd2a-4a3f-a846-d9360ea11071.zip?GoogleAccessId=service-278048319219@gcf-admin-robot.iam.gserviceaccount.com&Expires=1786256577&Signature=Hroi7y0xTIevCrQ4eaaWxnUczkht7xO9z3kMSCD9G%2Fw9dV%2FEsl8jNnwUVqPyRejkCVhVYU2njpVWNvuygK2ciCdXqCxHazzbshju2muZIsZK4WNZi6siN7jopDKq%2Bf3DQeSx0H9KwJ4ATxZdQZPpTNfrdp9%2BhLpcxN%2FrhbUgmR1kPVjGcmxVAPl0AjKquKtreKwzzleeQf%2FRiTQOTJSiDONOYD1Mi7ZxZw2COhtpUiAPK18AgmBWLGB6ngRGlRsl15gdZwufRif%2FCDoLLVfSusD1aRYq3w9NJxUanXrpANT%2BPqcsHNeiKdvwpH1BoI2eMVxrg2YJtZkNFSTuXEbDdw%3D%3D"}
[debug] [2026-08-09T05:52:57.927Z] >>> [apiv2][query] PUT https://storage.googleapis.com/uploads-551583688236.asia-east2.cloudfunctions.appspot.com/4020c569-bd2a-4a3f-a846-d9360ea11071.zip GoogleAccessId=service-278048319219%40gcf-admin-robot.iam.gserviceaccount.com&Expires=1786256577&Signature=Hroi7y0xTIevCrQ4eaaWxnUczkht7xO9z3kMSCD9G%2Fw9dV%2FEsl8jNnwUVqPyRejkCVhVYU2njpVWNvuygK2ciCdXqCxHazzbshju2muZIsZK4WNZi6siN7jopDKq%2Bf3DQeSx0H9KwJ4ATxZdQZPpTNfrdp9%2BhLpcxN%2FrhbUgmR1kPVjGcmxVAPl0AjKquKtreKwzzleeQf%2FRiTQOTJSiDONOYD1Mi7ZxZw2COhtpUiAPK18AgmBWLGB6ngRGlRsl15gdZwufRif%2FCDoLLVfSusD1aRYq3w9NJxUanXrpANT%2BPqcsHNeiKdvwpH1BoI2eMVxrg2YJtZkNFSTuXEbDdw%3D%3D
[debug] [2026-08-09T05:52:57.927Z] >>> [apiv2][body] PUT https://storage.googleapis.com/uploads-551583688236.asia-east2.cloudfunctions.appspot.com/4020c569-bd2a-4a3f-a846-d9360ea11071.zip [stream]
[debug] [2026-08-09T05:53:00.855Z] <<< [apiv2][status] PUT https://storage.googleapis.com/uploads-551583688236.asia-east2.cloudfunctions.appspot.com/4020c569-bd2a-4a3f-a846-d9360ea11071.zip 200
[debug] [2026-08-09T05:53:00.856Z] <<< [apiv2][body] PUT https://storage.googleapis.com/uploads-551583688236.asia-east2.cloudfunctions.appspot.com/4020c569-bd2a-4a3f-a846-d9360ea11071.zip [omitted]
[info] ✔  functions: functions source uploaded successfully 
[info] i  functions: updating Node.js 22 (1st Gen) function api(asia-east2)... 
[debug] [2026-08-09T05:53:00.860Z] Checked if tokens are valid: true, expires at: 1786258356620
[debug] [2026-08-09T05:53:00.860Z] Checked if tokens are valid: true, expires at: 1786258356620
[debug] [2026-08-09T05:53:00.861Z] >>> [apiv2][query] PATCH https://cloudfunctions.googleapis.com/v1/projects/floating-project-website/locations/asia-east2/functions/api updateMask=name%2CsourceUploadUrl%2CentryPoint%2Cruntime%2CdockerRegistry%2Clabels%2ChttpsTrigger.securityLevel%2CminInstances%2CmaxInstances%2CingressSettings%2CenvironmentVariables%2CserviceAccountEmail%2CavailableMemoryMb%2Ctimeout%2CvpcConnector%2CvpcConnectorEgressSettings%2CsourceToken%2CbuildEnvironmentVariables
[debug] [2026-08-09T05:53:00.861Z] >>> [apiv2][body] PATCH https://cloudfunctions.googleapis.com/v1/projects/floating-project-website/locations/asia-east2/functions/api {"name":"projects/floating-project-website/locations/asia-east2/functions/api","sourceUploadUrl":"https://storage.googleapis.com/uploads-551583688236.asia-east2.cloudfunctions.appspot.com/4020c569-bd2a-4a3f-a846-d9360ea11071.zip?GoogleAccessId=service-278048319219@gcf-admin-robot.iam.gserviceaccount.com&Expires=1786256577&Signature=Hroi7y0xTIevCrQ4eaaWxnUczkht7xO9z3kMSCD9G%2Fw9dV%2FEsl8jNnwUVqPyRejkCVhVYU2njpVWNvuygK2ciCdXqCxHazzbshju2muZIsZK4WNZi6siN7jopDKq%2Bf3DQeSx0H9KwJ4ATxZdQZPpTNfrdp9%2BhLpcxN%2FrhbUgmR1kPVjGcmxVAPl0AjKquKtreKwzzleeQf%2FRiTQOTJSiDONOYD1Mi7ZxZw2COhtpUiAPK18AgmBWLGB6ngRGlRsl15gdZwufRif%2FCDoLLVfSusD1aRYq3w9NJxUanXrpANT%2BPqcsHNeiKdvwpH1BoI2eMVxrg2YJtZkNFSTuXEbDdw%3D%3D","entryPoint":"api","runtime":"nodejs22","dockerRegistry":"ARTIFACT_REGISTRY","labels":{"deployment-tool":"cli-firebase","firebase-functions-hash":"5d0fe866c5ef5692295ed7e860d2758ff795886c"},"httpsTrigger":{"securityLevel":"SECURE_ALWAYS"},"minInstances":null,"maxInstances":null,"ingressSettings":null,"environmentVariables":{"FIREBASE_CONFIG":"{\"projectId\":\"floating-project-website\",\"storageBucket\":\"floating-project-website.firebasestorage.app\"}","GCLOUD_PROJECT":"floating-project-website","EVENTARC_CLOUD_EVENT_SOURCE":"projects/floating-project-website/locations/asia-east2/functions/api"},"serviceAccountEmail":"floating-project-website@appspot.gserviceaccount.com","availableMemoryMb":null,"timeout":null,"vpcConnector":null,"vpcConnectorEgressSettings":null,"buildEnvironmentVariables":{"GOOGLE_NODE_RUN_SCRIPTS":""}}
[debug] [2026-08-09T05:53:05.466Z] <<< [apiv2][status] PATCH https://cloudfunctions.googleapis.com/v1/projects/floating-project-website/locations/asia-east2/functions/api 200
[debug] [2026-08-09T05:53:05.466Z] <<< [apiv2][body] PATCH https://cloudfunctions.googleapis.com/v1/projects/floating-project-website/locations/asia-east2/functions/api {"name":"operations/ZmxvYXRpbmctcHJvamVjdC13ZWJzaXRlL2FzaWEtZWFzdDIvYXBpLzV6Ym83a2NWUFdF","metadata":{"@type":"type.googleapis.com/google.cloud.functions.v1.OperationMetadataV1","target":"projects/floating-project-website/locations/asia-east2/functions/api","type":"UPDATE_FUNCTION","request":{"@type":"type.googleapis.com/google.cloud.functions.v1.CloudFunction","name":"projects/floating-project-website/locations/asia-east2/functions/api","httpsTrigger":{"url":"https://asia-east2-floating-project-website.cloudfunctions.net/api","securityLevel":"SECURE_ALWAYS"},"status":"ACTIVE","entryPoint":"api","serviceAccountEmail":"floating-project-website@appspot.gserviceaccount.com","updateTime":"2026-08-09T05:43:10.707Z","versionId":"1","labels":{"deployment-tool":"cli-firebase","firebase-functions-hash":"5d0fe866c5ef5692295ed7e860d2758ff795886c"},"sourceUploadUrl":"https://storage.googleapis.com/uploads-551583688236.asia-east2.cloudfunctions.appspot.com/4020c569-bd2a-4a3f-a846-d9360ea11071.zip?GoogleAccessId=service-278048319219@gcf-admin-robot.iam.gserviceaccount.com&Expires=1786256577&Signature=Hroi7y0xTIevCrQ4eaaWxnUczkht7xO9z3kMSCD9G%2Fw9dV%2FEsl8jNnwUVqPyRejkCVhVYU2njpVWNvuygK2ciCdXqCxHazzbshju2muZIsZK4WNZi6siN7jopDKq%2Bf3DQeSx0H9KwJ4ATxZdQZPpTNfrdp9%2BhLpcxN%2FrhbUgmR1kPVjGcmxVAPl0AjKquKtreKwzzleeQf%2FRiTQOTJSiDONOYD1Mi7ZxZw2COhtpUiAPK18AgmBWLGB6ngRGlRsl15gdZwufRif%2FCDoLLVfSusD1aRYq3w9NJxUanXrpANT%2BPqcsHNeiKdvwpH1BoI2eMVxrg2YJtZkNFSTuXEbDdw%3D%3D","environmentVariables":{"FIREBASE_CONFIG":"{\"projectId\":\"floating-project-website\",\"storageBucket\":\"floating-project-website.firebasestorage.app\"}","GCLOUD_PROJECT":"floating-project-website","EVENTARC_CLOUD_EVENT_SOURCE":"projects/floating-project-website/locations/asia-east2/functions/api"},"runtime":"nodejs22","buildId":"13df721a-6fa5-4196-85b4-58df44ee9414","buildEnvironmentVariables":{"GOOGLE_NODE_RUN_SCRIPTS":""},"buildName":"projects/278048319219/locations/asia-east2/builds/13df721a-6fa5-4196-85b4-58df44ee9414","dockerRegistry":"ARTIFACT_REGISTRY","automaticUpdatePolicy":{},"buildServiceAccount":"projects/floating-project-website/serviceAccounts/278048319219-compute@developer.gserviceaccount.com"},"versionId":"2","updateTime":"2026-08-09T05:53:05Z"}}
[debug] [2026-08-09T05:53:05.467Z] Checked if tokens are valid: true, expires at: 1786258356620
[debug] [2026-08-09T05:53:05.467Z] Checked if tokens are valid: true, expires at: 1786258356620
[debug] [2026-08-09T05:53:05.467Z] >>> [apiv2][query] GET https://cloudfunctions.googleapis.com/v1/operations/ZmxvYXRpbmctcHJvamVjdC13ZWJzaXRlL2FzaWEtZWFzdDIvYXBpLzV6Ym83a2NWUFdF [none]
[debug] [2026-08-09T05:53:06.486Z] <<< [apiv2][status] GET https://cloudfunctions.googleapis.com/v1/operations/ZmxvYXRpbmctcHJvamVjdC13ZWJzaXRlL2FzaWEtZWFzdDIvYXBpLzV6Ym83a2NWUFdF 200
[debug] [2026-08-09T05:53:06.486Z] <<< [apiv2][body] GET https://cloudfunctions.googleapis.com/v1/operations/ZmxvYXRpbmctcHJvamVjdC13ZWJzaXRlL2FzaWEtZWFzdDIvYXBpLzV6Ym83a2NWUFdF {"name":"operations/ZmxvYXRpbmctcHJvamVjdC13ZWJzaXRlL2FzaWEtZWFzdDIvYXBpLzV6Ym83a2NWUFdF","metadata":{"@type":"type.googleapis.com/google.cloud.functions.v1.OperationMetadataV1","target":"projects/floating-project-website/locations/asia-east2/functions/api","type":"UPDATE_FUNCTION","request":{"@type":"type.googleapis.com/google.cloud.functions.v1.CloudFunction","name":"projects/floating-project-website/locations/asia-east2/functions/api","httpsTrigger":{"url":"https://asia-east2-floating-project-website.cloudfunctions.net/api","securityLevel":"SECURE_ALWAYS"},"status":"ACTIVE","entryPoint":"api","serviceAccountEmail":"floating-project-website@appspot.gserviceaccount.com","updateTime":"2026-08-09T05:43:10.707Z","versionId":"1","labels":{"deployment-tool":"cli-firebase","firebase-functions-hash":"5d0fe866c5ef5692295ed7e860d2758ff795886c"},"sourceUploadUrl":"https://storage.googleapis.com/uploads-551583688236.asia-east2.cloudfunctions.appspot.com/4020c569-bd2a-4a3f-a846-d9360ea11071.zip?GoogleAccessId=service-278048319219@gcf-admin-robot.iam.gserviceaccount.com&Expires=1786256577&Signature=Hroi7y0xTIevCrQ4eaaWxnUczkht7xO9z3kMSCD9G%2Fw9dV%2FEsl8jNnwUVqPyRejkCVhVYU2njpVWNvuygK2ciCdXqCxHazzbshju2muZIsZK4WNZi6siN7jopDKq%2Bf3DQeSx0H9KwJ4ATxZdQZPpTNfrdp9%2BhLpcxN%2FrhbUgmR1kPVjGcmxVAPl0AjKquKtreKwzzleeQf%2FRiTQOTJSiDONOYD1Mi7ZxZw2COhtpUiAPK18AgmBWLGB6ngRGlRsl15gdZwufRif%2FCDoLLVfSusD1aRYq3w9NJxUanXrpANT%2BPqcsHNeiKdvwpH1BoI2eMVxrg2YJtZkNFSTuXEbDdw%3D%3D","environmentVariables":{"FIREBASE_CONFIG":"{\"projectId\":\"floating-project-website\",\"storageBucket\":\"floating-project-website.firebasestorage.app\"}","GCLOUD_PROJECT":"floating-project-website","EVENTARC_CLOUD_EVENT_SOURCE":"projects/floating-project-website/locations/asia-east2/functions/api"},"runtime":"nodejs22","buildId":"13df721a-6fa5-4196-85b4-58df44ee9414","buildEnvironmentVariables":{"GOOGLE_NODE_RUN_SCRIPTS":""},"buildName":"projects/278048319219/locations/asia-east2/builds/13df721a-6fa5-4196-85b4-58df44ee9414","dockerRegistry":"ARTIFACT_REGISTRY","automaticUpdatePolicy":{},"buildServiceAccount":"projects/floating-project-website/serviceAccounts/278048319219-compute@developer.gserviceaccount.com"},"versionId":"2","updateTime":"2026-08-09T05:53:05Z"}}
[debug] [2026-08-09T05:53:06.988Z] [update-default-asia-east2-api] Retrying task index 0
[debug] [2026-08-09T05:53:06.988Z] Checked if tokens are valid: true, expires at: 1786258356620
[debug] [2026-08-09T05:53:06.988Z] Checked if tokens are valid: true, expires at: 1786258356620
[debug] [2026-08-09T05:53:06.988Z] >>> [apiv2][query] GET https://cloudfunctions.googleapis.com/v1/operations/ZmxvYXRpbmctcHJvamVjdC13ZWJzaXRlL2FzaWEtZWFzdDIvYXBpLzV6Ym83a2NWUFdF [none]
[debug] [2026-08-09T05:53:07.889Z] <<< [apiv2][status] GET https://cloudfunctions.googleapis.com/v1/operations/ZmxvYXRpbmctcHJvamVjdC13ZWJzaXRlL2FzaWEtZWFzdDIvYXBpLzV6Ym83a2NWUFdF 200
[debug] [2026-08-09T05:53:07.889Z] <<< [apiv2][body] GET https://cloudfunctions.googleapis.com/v1/operations/ZmxvYXRpbmctcHJvamVjdC13ZWJzaXRlL2FzaWEtZWFzdDIvYXBpLzV6Ym83a2NWUFdF {"name":"operations/ZmxvYXRpbmctcHJvamVjdC13ZWJzaXRlL2FzaWEtZWFzdDIvYXBpLzV6Ym83a2NWUFdF","metadata":{"@type":"type.googleapis.com/google.cloud.functions.v1.OperationMetadataV1","target":"projects/floating-project-website/locations/asia-east2/functions/api","type":"UPDATE_FUNCTION","request":{"@type":"type.googleapis.com/google.cloud.functions.v1.CloudFunction","name":"projects/floating-project-website/locations/asia-east2/functions/api","httpsTrigger":{"url":"https://asia-east2-floating-project-website.cloudfunctions.net/api","securityLevel":"SECURE_ALWAYS"},"status":"ACTIVE","entryPoint":"api","serviceAccountEmail":"floating-project-website@appspot.gserviceaccount.com","updateTime":"2026-08-09T05:43:10.707Z","versionId":"1","labels":{"deployment-tool":"cli-firebase","firebase-functions-hash":"5d0fe866c5ef5692295ed7e860d2758ff795886c"},"sourceUploadUrl":"https://storage.googleapis.com/uploads-551583688236.asia-east2.cloudfunctions.appspot.com/4020c569-bd2a-4a3f-a846-d9360ea11071.zip?GoogleAccessId=service-278048319219@gcf-admin-robot.iam.gserviceaccount.com&Expires=1786256577&Signature=Hroi7y0xTIevCrQ4eaaWxnUczkht7xO9z3kMSCD9G%2Fw9dV%2FEsl8jNnwUVqPyRejkCVhVYU2njpVWNvuygK2ciCdXqCxHazzbshju2muZIsZK4WNZi6siN7jopDKq%2Bf3DQeSx0H9KwJ4ATxZdQZPpTNfrdp9%2BhLpcxN%2FrhbUgmR1kPVjGcmxVAPl0AjKquKtreKwzzleeQf%2FRiTQOTJSiDONOYD1Mi7ZxZw2COhtpUiAPK18AgmBWLGB6ngRGlRsl15gdZwufRif%2FCDoLLVfSusD1aRYq3w9NJxUanXrpANT%2BPqcsHNeiKdvwpH1BoI2eMVxrg2YJtZkNFSTuXEbDdw%3D%3D","environmentVariables":{"FIREBASE_CONFIG":"{\"projectId\":\"floating-project-website\",\"storageBucket\":\"floating-project-website.firebasestorage.app\"}","GCLOUD_PROJECT":"floating-project-website","EVENTARC_CLOUD_EVENT_SOURCE":"projects/floating-project-website/locations/asia-east2/functions/api"},"runtime":"nodejs22","buildId":"13df721a-6fa5-4196-85b4-58df44ee9414","buildEnvironmentVariables":{"GOOGLE_NODE_RUN_SCRIPTS":""},"buildName":"projects/278048319219/locations/asia-east2/builds/13df721a-6fa5-4196-85b4-58df44ee9414","dockerRegistry":"ARTIFACT_REGISTRY","automaticUpdatePolicy":{},"buildServiceAccount":"projects/floating-project-website/serviceAccounts/278048319219-compute@developer.gserviceaccount.com"},"versionId":"2","updateTime":"2026-08-09T05:53:06Z"}}
[debug] [2026-08-09T05:53:08.891Z] [update-default-asia-east2-api] Retrying task index 0
[debug] [2026-08-09T05:53:08.891Z] Checked if tokens are valid: true, expires at: 1786258356620
[debug] [2026-08-09T05:53:08.892Z] Checked if tokens are valid: true, expires at: 1786258356620
[debug] [2026-08-09T05:53:08.892Z] >>> [apiv2][query] GET https://cloudfunctions.googleapis.com/v1/operations/ZmxvYXRpbmctcHJvamVjdC13ZWJzaXRlL2FzaWEtZWFzdDIvYXBpLzV6Ym83a2NWUFdF [none]
[debug] [2026-08-09T05:53:09.973Z] <<< [apiv2][status] GET https://cloudfunctions.googleapis.com/v1/operations/ZmxvYXRpbmctcHJvamVjdC13ZWJzaXRlL2FzaWEtZWFzdDIvYXBpLzV6Ym83a2NWUFdF 200
[debug] [2026-08-09T05:53:09.974Z] <<< [apiv2][body] GET https://cloudfunctions.googleapis.com/v1/operations/ZmxvYXRpbmctcHJvamVjdC13ZWJzaXRlL2FzaWEtZWFzdDIvYXBpLzV6Ym83a2NWUFdF {"name":"operations/ZmxvYXRpbmctcHJvamVjdC13ZWJzaXRlL2FzaWEtZWFzdDIvYXBpLzV6Ym83a2NWUFdF","metadata":{"@type":"type.googleapis.com/google.cloud.functions.v1.OperationMetadataV1","target":"projects/floating-project-website/locations/asia-east2/functions/api","type":"UPDATE_FUNCTION","request":{"@type":"type.googleapis.com/google.cloud.functions.v1.CloudFunction","name":"projects/floating-project-website/locations/asia-east2/functions/api","httpsTrigger":{"url":"https://asia-east2-floating-project-website.cloudfunctions.net/api","securityLevel":"SECURE_ALWAYS"},"status":"ACTIVE","entryPoint":"api","serviceAccountEmail":"floating-project-website@appspot.gserviceaccount.com","updateTime":"2026-08-09T05:43:10.707Z","versionId":"1","labels":{"deployment-tool":"cli-firebase","firebase-functions-hash":"5d0fe866c5ef5692295ed7e860d2758ff795886c"},"sourceUploadUrl":"https://storage.googleapis.com/uploads-551583688236.asia-east2.cloudfunctions.appspot.com/4020c569-bd2a-4a3f-a846-d9360ea11071.zip?GoogleAccessId=service-278048319219@gcf-admin-robot.iam.gserviceaccount.com&Expires=1786256577&Signature=Hroi7y0xTIevCrQ4eaaWxnUczkht7xO9z3kMSCD9G%2Fw9dV%2FEsl8jNnwUVqPyRejkCVhVYU2njpVWNvuygK2ciCdXqCxHazzbshju2muZIsZK4WNZi6siN7jopDKq%2Bf3DQeSx0H9KwJ4ATxZdQZPpTNfrdp9%2BhLpcxN%2FrhbUgmR1kPVjGcmxVAPl0AjKquKtreKwzzleeQf%2FRiTQOTJSiDONOYD1Mi7ZxZw2COhtpUiAPK18AgmBWLGB6ngRGlRsl15gdZwufRif%2FCDoLLVfSusD1aRYq3w9NJxUanXrpANT%2BPqcsHNeiKdvwpH1BoI2eMVxrg2YJtZkNFSTuXEbDdw%3D%3D","environmentVariables":{"FIREBASE_CONFIG":"{\"projectId\":\"floating-project-website\",\"storageBucket\":\"floating-project-website.firebasestorage.app\"}","GCLOUD_PROJECT":"floating-project-website","EVENTARC_CLOUD_EVENT_SOURCE":"projects/floating-project-website/locations/asia-east2/functions/api"},"runtime":"nodejs22","buildId":"13df721a-6fa5-4196-85b4-58df44ee9414","buildEnvironmentVariables":{"GOOGLE_NODE_RUN_SCRIPTS":""},"buildName":"projects/278048319219/locations/asia-east2/builds/13df721a-6fa5-4196-85b4-58df44ee9414","dockerRegistry":"ARTIFACT_REGISTRY","automaticUpdatePolicy":{},"buildServiceAccount":"projects/floating-project-website/serviceAccounts/278048319219-compute@developer.gserviceaccount.com"},"versionId":"2","updateTime":"2026-08-09T05:53:06Z","buildId":"95ab3ab3-eacc-462e-b5f4-d5fcf61c5d15","buildName":"projects/278048319219/locations/asia-east2/builds/95ab3ab3-eacc-462e-b5f4-d5fcf61c5d15"}}
[debug] [2026-08-09T05:53:11.975Z] [update-default-asia-east2-api] Retrying task index 0
[debug] [2026-08-09T05:53:11.976Z] Checked if tokens are valid: true, expires at: 1786258356620
[debug] [2026-08-09T05:53:11.976Z] Checked if tokens are valid: true, expires at: 1786258356620
[debug] [2026-08-09T05:53:11.976Z] >>> [apiv2][query] GET https://cloudfunctions.googleapis.com/v1/operations/ZmxvYXRpbmctcHJvamVjdC13ZWJzaXRlL2FzaWEtZWFzdDIvYXBpLzV6Ym83a2NWUFdF [none]
[debug] [2026-08-09T05:53:12.807Z] <<< [apiv2][status] GET https://cloudfunctions.googleapis.com/v1/operations/ZmxvYXRpbmctcHJvamVjdC13ZWJzaXRlL2FzaWEtZWFzdDIvYXBpLzV6Ym83a2NWUFdF 200
[debug] [2026-08-09T05:53:12.808Z] <<< [apiv2][body] GET https://cloudfunctions.googleapis.com/v1/operations/ZmxvYXRpbmctcHJvamVjdC13ZWJzaXRlL2FzaWEtZWFzdDIvYXBpLzV6Ym83a2NWUFdF {"name":"operations/ZmxvYXRpbmctcHJvamVjdC13ZWJzaXRlL2FzaWEtZWFzdDIvYXBpLzV6Ym83a2NWUFdF","metadata":{"@type":"type.googleapis.com/google.cloud.functions.v1.OperationMetadataV1","target":"projects/floating-project-website/locations/asia-east2/functions/api","type":"UPDATE_FUNCTION","request":{"@type":"type.googleapis.com/google.cloud.functions.v1.CloudFunction","name":"projects/floating-project-website/locations/asia-east2/functions/api","httpsTrigger":{"url":"https://asia-east2-floating-project-website.cloudfunctions.net/api","securityLevel":"SECURE_ALWAYS"},"status":"ACTIVE","entryPoint":"api","serviceAccountEmail":"floating-project-website@appspot.gserviceaccount.com","updateTime":"2026-08-09T05:43:10.707Z","versionId":"1","labels":{"deployment-tool":"cli-firebase","firebase-functions-hash":"5d0fe866c5ef5692295ed7e860d2758ff795886c"},"sourceUploadUrl":"https://storage.googleapis.com/uploads-551583688236.asia-east2.cloudfunctions.appspot.com/4020c569-bd2a-4a3f-a846-d9360ea11071.zip?GoogleAccessId=service-278048319219@gcf-admin-robot.iam.gserviceaccount.com&Expires=1786256577&Signature=Hroi7y0xTIevCrQ4eaaWxnUczkht7xO9z3kMSCD9G%2Fw9dV%2FEsl8jNnwUVqPyRejkCVhVYU2njpVWNvuygK2ciCdXqCxHazzbshju2muZIsZK4WNZi6siN7jopDKq%2Bf3DQeSx0H9KwJ4ATxZdQZPpTNfrdp9%2BhLpcxN%2FrhbUgmR1kPVjGcmxVAPl0AjKquKtreKwzzleeQf%2FRiTQOTJSiDONOYD1Mi7ZxZw2COhtpUiAPK18AgmBWLGB6ngRGlRsl15gdZwufRif%2FCDoLLVfSusD1aRYq3w9NJxUanXrpANT%2BPqcsHNeiKdvwpH1BoI2eMVxrg2YJtZkNFSTuXEbDdw%3D%3D","environmentVariables":{"FIREBASE_CONFIG":"{\"projectId\":\"floating-project-website\",\"storageBucket\":\"floating-project-website.firebasestorage.app\"}","GCLOUD_PROJECT":"floating-project-website","EVENTARC_CLOUD_EVENT_SOURCE":"projects/floating-project-website/locations/asia-east2/functions/api"},"runtime":"nodejs22","buildId":"13df721a-6fa5-4196-85b4-58df44ee9414","buildEnvironmentVariables":{"GOOGLE_NODE_RUN_SCRIPTS":""},"buildName":"projects/278048319219/locations/asia-east2/builds/13df721a-6fa5-4196-85b4-58df44ee9414","dockerRegistry":"ARTIFACT_REGISTRY","automaticUpdatePolicy":{},"buildServiceAccount":"projects/floating-project-website/serviceAccounts/278048319219-compute@developer.gserviceaccount.com"},"versionId":"2","updateTime":"2026-08-09T05:53:06Z","buildId":"95ab3ab3-eacc-462e-b5f4-d5fcf61c5d15","buildName":"projects/278048319219/locations/asia-east2/builds/95ab3ab3-eacc-462e-b5f4-d5fcf61c5d15"}}
[debug] [2026-08-09T05:53:16.809Z] [update-default-asia-east2-api] Retrying task index 0
[debug] [2026-08-09T05:53:16.810Z] Checked if tokens are valid: true, expires at: 1786258356620
[debug] [2026-08-09T05:53:16.810Z] Checked if tokens are valid: true, expires at: 1786258356620
[debug] [2026-08-09T05:53:16.810Z] >>> [apiv2][query] GET https://cloudfunctions.googleapis.com/v1/operations/ZmxvYXRpbmctcHJvamVjdC13ZWJzaXRlL2FzaWEtZWFzdDIvYXBpLzV6Ym83a2NWUFdF [none]
[debug] [2026-08-09T05:53:17.845Z] <<< [apiv2][status] GET https://cloudfunctions.googleapis.com/v1/operations/ZmxvYXRpbmctcHJvamVjdC13ZWJzaXRlL2FzaWEtZWFzdDIvYXBpLzV6Ym83a2NWUFdF 200
[debug] [2026-08-09T05:53:17.845Z] <<< [apiv2][body] GET https://cloudfunctions.googleapis.com/v1/operations/ZmxvYXRpbmctcHJvamVjdC13ZWJzaXRlL2FzaWEtZWFzdDIvYXBpLzV6Ym83a2NWUFdF {"name":"operations/ZmxvYXRpbmctcHJvamVjdC13ZWJzaXRlL2FzaWEtZWFzdDIvYXBpLzV6Ym83a2NWUFdF","metadata":{"@type":"type.googleapis.com/google.cloud.functions.v1.OperationMetadataV1","target":"projects/floating-project-website/locations/asia-east2/functions/api","type":"UPDATE_FUNCTION","request":{"@type":"type.googleapis.com/google.cloud.functions.v1.CloudFunction","name":"projects/floating-project-website/locations/asia-east2/functions/api","httpsTrigger":{"url":"https://asia-east2-floating-project-website.cloudfunctions.net/api","securityLevel":"SECURE_ALWAYS"},"status":"ACTIVE","entryPoint":"api","serviceAccountEmail":"floating-project-website@appspot.gserviceaccount.com","updateTime":"2026-08-09T05:43:10.707Z","versionId":"1","labels":{"deployment-tool":"cli-firebase","firebase-functions-hash":"5d0fe866c5ef5692295ed7e860d2758ff795886c"},"sourceUploadUrl":"https://storage.googleapis.com/uploads-551583688236.asia-east2.cloudfunctions.appspot.com/4020c569-bd2a-4a3f-a846-d9360ea11071.zip?GoogleAccessId=service-278048319219@gcf-admin-robot.iam.gserviceaccount.com&Expires=1786256577&Signature=Hroi7y0xTIevCrQ4eaaWxnUczkht7xO9z3kMSCD9G%2Fw9dV%2FEsl8jNnwUVqPyRejkCVhVYU2njpVWNvuygK2ciCdXqCxHazzbshju2muZIsZK4WNZi6siN7jopDKq%2Bf3DQeSx0H9KwJ4ATxZdQZPpTNfrdp9%2BhLpcxN%2FrhbUgmR1kPVjGcmxVAPl0AjKquKtreKwzzleeQf%2FRiTQOTJSiDONOYD1Mi7ZxZw2COhtpUiAPK18AgmBWLGB6ngRGlRsl15gdZwufRif%2FCDoLLVfSusD1aRYq3w9NJxUanXrpANT%2BPqcsHNeiKdvwpH1BoI2eMVxrg2YJtZkNFSTuXEbDdw%3D%3D","environmentVariables":{"FIREBASE_CONFIG":"{\"projectId\":\"floating-project-website\",\"storageBucket\":\"floating-project-website.firebasestorage.app\"}","GCLOUD_PROJECT":"floating-project-website","EVENTARC_CLOUD_EVENT_SOURCE":"projects/floating-project-website/locations/asia-east2/functions/api"},"runtime":"nodejs22","buildId":"13df721a-6fa5-4196-85b4-58df44ee9414","buildEnvironmentVariables":{"GOOGLE_NODE_RUN_SCRIPTS":""},"buildName":"projects/278048319219/locations/asia-east2/builds/13df721a-6fa5-4196-85b4-58df44ee9414","dockerRegistry":"ARTIFACT_REGISTRY","automaticUpdatePolicy":{},"buildServiceAccount":"projects/floating-project-website/serviceAccounts/278048319219-compute@developer.gserviceaccount.com"},"versionId":"2","updateTime":"2026-08-09T05:53:06Z","buildId":"95ab3ab3-eacc-462e-b5f4-d5fcf61c5d15","buildName":"projects/278048319219/locations/asia-east2/builds/95ab3ab3-eacc-462e-b5f4-d5fcf61c5d15"}}
[debug] [2026-08-09T05:53:25.847Z] [update-default-asia-east2-api] Retrying task index 0
[debug] [2026-08-09T05:53:25.848Z] Checked if tokens are valid: true, expires at: 1786258356620
[debug] [2026-08-09T05:53:25.848Z] Checked if tokens are valid: true, expires at: 1786258356620
[debug] [2026-08-09T05:53:25.848Z] >>> [apiv2][query] GET https://cloudfunctions.googleapis.com/v1/operations/ZmxvYXRpbmctcHJvamVjdC13ZWJzaXRlL2FzaWEtZWFzdDIvYXBpLzV6Ym83a2NWUFdF [none]
[debug] [2026-08-09T05:53:27.155Z] <<< [apiv2][status] GET https://cloudfunctions.googleapis.com/v1/operations/ZmxvYXRpbmctcHJvamVjdC13ZWJzaXRlL2FzaWEtZWFzdDIvYXBpLzV6Ym83a2NWUFdF 200
[debug] [2026-08-09T05:53:27.155Z] <<< [apiv2][body] GET https://cloudfunctions.googleapis.com/v1/operations/ZmxvYXRpbmctcHJvamVjdC13ZWJzaXRlL2FzaWEtZWFzdDIvYXBpLzV6Ym83a2NWUFdF {"name":"operations/ZmxvYXRpbmctcHJvamVjdC13ZWJzaXRlL2FzaWEtZWFzdDIvYXBpLzV6Ym83a2NWUFdF","metadata":{"@type":"type.googleapis.com/google.cloud.functions.v1.OperationMetadataV1","target":"projects/floating-project-website/locations/asia-east2/functions/api","type":"UPDATE_FUNCTION","request":{"@type":"type.googleapis.com/google.cloud.functions.v1.CloudFunction","name":"projects/floating-project-website/locations/asia-east2/functions/api","httpsTrigger":{"url":"https://asia-east2-floating-project-website.cloudfunctions.net/api","securityLevel":"SECURE_ALWAYS"},"status":"ACTIVE","entryPoint":"api","serviceAccountEmail":"floating-project-website@appspot.gserviceaccount.com","updateTime":"2026-08-09T05:43:10.707Z","versionId":"1","labels":{"deployment-tool":"cli-firebase","firebase-functions-hash":"5d0fe866c5ef5692295ed7e860d2758ff795886c"},"sourceUploadUrl":"https://storage.googleapis.com/uploads-551583688236.asia-east2.cloudfunctions.appspot.com/4020c569-bd2a-4a3f-a846-d9360ea11071.zip?GoogleAccessId=service-278048319219@gcf-admin-robot.iam.gserviceaccount.com&Expires=1786256577&Signature=Hroi7y0xTIevCrQ4eaaWxnUczkht7xO9z3kMSCD9G%2Fw9dV%2FEsl8jNnwUVqPyRejkCVhVYU2njpVWNvuygK2ciCdXqCxHazzbshju2muZIsZK4WNZi6siN7jopDKq%2Bf3DQeSx0H9KwJ4ATxZdQZPpTNfrdp9%2BhLpcxN%2FrhbUgmR1kPVjGcmxVAPl0AjKquKtreKwzzleeQf%2FRiTQOTJSiDONOYD1Mi7ZxZw2COhtpUiAPK18AgmBWLGB6ngRGlRsl15gdZwufRif%2FCDoLLVfSusD1aRYq3w9NJxUanXrpANT%2BPqcsHNeiKdvwpH1BoI2eMVxrg2YJtZkNFSTuXEbDdw%3D%3D","environmentVariables":{"FIREBASE_CONFIG":"{\"projectId\":\"floating-project-website\",\"storageBucket\":\"floating-project-website.firebasestorage.app\"}","GCLOUD_PROJECT":"floating-project-website","EVENTARC_CLOUD_EVENT_SOURCE":"projects/floating-project-website/locations/asia-east2/functions/api"},"runtime":"nodejs22","buildId":"13df721a-6fa5-4196-85b4-58df44ee9414","buildEnvironmentVariables":{"GOOGLE_NODE_RUN_SCRIPTS":""},"buildName":"projects/278048319219/locations/asia-east2/builds/13df721a-6fa5-4196-85b4-58df44ee9414","dockerRegistry":"ARTIFACT_REGISTRY","automaticUpdatePolicy":{},"buildServiceAccount":"projects/floating-project-website/serviceAccounts/278048319219-compute@developer.gserviceaccount.com"},"versionId":"2","updateTime":"2026-08-09T05:53:06Z","buildId":"95ab3ab3-eacc-462e-b5f4-d5fcf61c5d15","buildName":"projects/278048319219/locations/asia-east2/builds/95ab3ab3-eacc-462e-b5f4-d5fcf61c5d15"}}
[debug] [2026-08-09T05:53:37.156Z] [update-default-asia-east2-api] Retrying task index 0
[debug] [2026-08-09T05:53:37.157Z] Checked if tokens are valid: true, expires at: 1786258356620
[debug] [2026-08-09T05:53:37.157Z] Checked if tokens are valid: true, expires at: 1786258356620
[debug] [2026-08-09T05:53:37.157Z] >>> [apiv2][query] GET https://cloudfunctions.googleapis.com/v1/operations/ZmxvYXRpbmctcHJvamVjdC13ZWJzaXRlL2FzaWEtZWFzdDIvYXBpLzV6Ym83a2NWUFdF [none]
[debug] [2026-08-09T05:53:38.576Z] <<< [apiv2][status] GET https://cloudfunctions.googleapis.com/v1/operations/ZmxvYXRpbmctcHJvamVjdC13ZWJzaXRlL2FzaWEtZWFzdDIvYXBpLzV6Ym83a2NWUFdF 200
[debug] [2026-08-09T05:53:38.576Z] <<< [apiv2][body] GET https://cloudfunctions.googleapis.com/v1/operations/ZmxvYXRpbmctcHJvamVjdC13ZWJzaXRlL2FzaWEtZWFzdDIvYXBpLzV6Ym83a2NWUFdF {"name":"operations/ZmxvYXRpbmctcHJvamVjdC13ZWJzaXRlL2FzaWEtZWFzdDIvYXBpLzV6Ym83a2NWUFdF","metadata":{"@type":"type.googleapis.com/google.cloud.functions.v1.OperationMetadataV1","target":"projects/floating-project-website/locations/asia-east2/functions/api","type":"UPDATE_FUNCTION","request":{"@type":"type.googleapis.com/google.cloud.functions.v1.CloudFunction","name":"projects/floating-project-website/locations/asia-east2/functions/api","httpsTrigger":{"url":"https://asia-east2-floating-project-website.cloudfunctions.net/api","securityLevel":"SECURE_ALWAYS"},"status":"ACTIVE","entryPoint":"api","serviceAccountEmail":"floating-project-website@appspot.gserviceaccount.com","updateTime":"2026-08-09T05:43:10.707Z","versionId":"1","labels":{"deployment-tool":"cli-firebase","firebase-functions-hash":"5d0fe866c5ef5692295ed7e860d2758ff795886c"},"sourceUploadUrl":"https://storage.googleapis.com/uploads-551583688236.asia-east2.cloudfunctions.appspot.com/4020c569-bd2a-4a3f-a846-d9360ea11071.zip?GoogleAccessId=service-278048319219@gcf-admin-robot.iam.gserviceaccount.com&Expires=1786256577&Signature=Hroi7y0xTIevCrQ4eaaWxnUczkht7xO9z3kMSCD9G%2Fw9dV%2FEsl8jNnwUVqPyRejkCVhVYU2njpVWNvuygK2ciCdXqCxHazzbshju2muZIsZK4WNZi6siN7jopDKq%2Bf3DQeSx0H9KwJ4ATxZdQZPpTNfrdp9%2BhLpcxN%2FrhbUgmR1kPVjGcmxVAPl0AjKquKtreKwzzleeQf%2FRiTQOTJSiDONOYD1Mi7ZxZw2COhtpUiAPK18AgmBWLGB6ngRGlRsl15gdZwufRif%2FCDoLLVfSusD1aRYq3w9NJxUanXrpANT%2BPqcsHNeiKdvwpH1BoI2eMVxrg2YJtZkNFSTuXEbDdw%3D%3D","environmentVariables":{"FIREBASE_CONFIG":"{\"projectId\":\"floating-project-website\",\"storageBucket\":\"floating-project-website.firebasestorage.app\"}","GCLOUD_PROJECT":"floating-project-website","EVENTARC_CLOUD_EVENT_SOURCE":"projects/floating-project-website/locations/asia-east2/functions/api"},"runtime":"nodejs22","buildId":"13df721a-6fa5-4196-85b4-58df44ee9414","buildEnvironmentVariables":{"GOOGLE_NODE_RUN_SCRIPTS":""},"buildName":"projects/278048319219/locations/asia-east2/builds/13df721a-6fa5-4196-85b4-58df44ee9414","dockerRegistry":"ARTIFACT_REGISTRY","automaticUpdatePolicy":{},"buildServiceAccount":"projects/floating-project-website/serviceAccounts/278048319219-compute@developer.gserviceaccount.com"},"versionId":"2","updateTime":"2026-08-09T05:53:06Z","buildId":"95ab3ab3-eacc-462e-b5f4-d5fcf61c5d15","buildName":"projects/278048319219/locations/asia-east2/builds/95ab3ab3-eacc-462e-b5f4-d5fcf61c5d15"}}
